<html>
<body>
<pre>
<h1>µVision Build Log</h1>
<h2>Tool Versions:</h2>
IDE-Version: µVision V5.36.0.0
Copyright (C) 2021 ARM Ltd and ARM Germany GmbH. All rights reserved.
License Information: Lorenzo Sciara, HP Inc., LIC=----
 
Tool Versions:
Toolchain:       MDK-Lite  Version: 5.36.0.0
Toolchain Path:  C:\Keil_v5\ARM\ARMCC\Bin
C Compiler:      Armcc.exe V5.06 update 7 (build 960)
Assembler:       Armasm.exe V5.06 update 7 (build 960)
Linker/Locator:  ArmLink.exe V5.06 update 7 (build 960)
Library Manager: ArmAr.exe V5.06 update 7 (build 960)
Hex Converter:   FromElf.exe V5.06 update 7 (build 960)
CPU DLL:         SARMCM3.DLL V5.36.0.0
Dialog DLL:      DARMP1.DLL V1.27.0.0
Target DLL:      UL2CM3.DLL V1.164.0.0
Dialog DLL:      TARMP1.DLL V1.26.0.0
 
<h2>Project:</h2>
C:\Users\sciar\Documents\COMPUTER ARCHITECTURES\LABORATORIO\EXTRAPOINTPROJECT\Parte1\Project\sample.uvprojx
Project File Date:  01/06/2022

<h2>Output:</h2>
*** Using Compiler 'V5.06 update 7 (build 960)', folder: 'C:\Keil_v5\ARM\ARMCC\Bin'
Rebuild target 'Target 1'
assembling startup_LPC17xx.s...
compiling AsciiLib.c...
compiling sample.c...
compiling core_cm3.c...
compiling IRQ_timer.c...
timer\../Game/game.h(13): warning:  #1-D: last line of file ends without a newline
  void game_resume(void);
timer\IRQ_timer.c: 1 warning, 0 errors
compiling system_LPC17xx.c...
compiling lib_timer.c...
compiling funct_led.c...
compiling lib_led.c...
compiling lib_RIT.c...
compiling IRQ_RIT.c...
RIT\../Game/game.h(13): warning:  #1-D: last line of file ends without a newline
  void game_resume(void);
RIT\IRQ_RIT.c: 1 warning, 0 errors
compiling TouchPanel.c...
compiling HzLib.c...
compiling IRQ_button.c...
button_EXINT\../Game/game.h(13): warning:  #1-D: last line of file ends without a newline
  void game_resume(void);
button_EXINT\IRQ_button.c: 1 warning, 0 errors
compiling lib_button.c...
compiling IRQ_adc.c...
ADC\../Game/game.h(13): warning:  #1-D: last line of file ends without a newline
  void game_resume(void);
ADC\IRQ_adc.c: 1 warning, 0 errors
compiling lib_adc.c...
compiling funct_game.c...
Game\game.h(13): warning:  #1-D: last line of file ends without a newline
  void game_resume(void);
Game\funct_game.c(287): warning:  #1-D: last line of file ends without a newline
  }
Game\funct_game.c: 2 warnings, 0 errors
compiling GLCD.c...
linking...
Program Size: Code=22000 RO-data=1804 RW-data=148 ZI-data=636  
".\sample.axf" - 0 Error(s), 6 Warning(s).

<h2>Software Packages used:</h2>

Package Vendor: ARM
                http://www.keil.com/pack/ARM.CMSIS.5.8.0.pack
                ARM.CMSIS.5.8.0
                CMSIS (Common Microcontroller Software Interface Standard)
   * Component: CORE Version: 5.5.0

Package Vendor: Keil
                http://www.keil.com/pack/Keil.LPC1700_DFP.2.7.0.pack
                Keil.LPC1700_DFP.2.7.0
                NXP LPC1700 Series Device Support, Drivers and Examples for MCB1700 and LPC1788-32

<h2>Collection of Component include folders:</h2>
  .\RTE\_Target_1
  C:\Users\sciar\AppData\Local\Arm\Packs\ARM\CMSIS\5.8.0\CMSIS\Core\Include
  C:\Users\sciar\AppData\Local\Arm\Packs\Keil\LPC1700_DFP\2.7.0\Device\Include

<h2>Collection of Component Files used:</h2>

   * Component: ARM::CMSIS:CORE:5.5.0
Build Time Elapsed:  00:00:02
</pre>
</body>
</html>
